[www.orionsafetystation.com/pt/suprimentos-para-navios-e-aluguel/index.html]
[backblue.gif]
[fade.gif]
[index.html]
[www.orionsafetystation.com/wp-includes/css/dist/block-library/style.min9b2d.css]
[www.orionsafetystation.com/wp-includes/css/classic-themes.min68b3.css]
[www.orionsafetystation.com/wp-content/plugins/contact-form-7/includes/css/styles5697.css]
[www.orionsafetystation.com/wp-content/themes/orionstation/css/libraries8a54.css]
[www.orionsafetystation.com/wp-content/themes/orionstation/style8a54.css]
[www.orionsafetystation.com/wp-content/plugins/creame-whatsapp-me/public/css/joinchat.minface.css]
[www.orionsafetystation.com/wp-includes/js/jquery/jquery.mina7a0.js]
[www.orionsafetystation.com/wp-includes/js/jquery/jquery-migrate.mind617.js]
[connect.facebook.net/en_US/fbevents.js]
[snap.licdn.com/li.lms-analytics/insight.min.js]
[www.orionsafetystation.com/wp-content/themes/orionstation/images/logo/logo-light.png]
[www.orionsafetystation.com/wp-content/themes/orionstation/images/logo/logo-dark.png]
[www.orionsafetystation.com/wp-content/plugins/polylang/flags/br.png]
[www.orionsafetystation.com/wp-content/plugins/polylang/flags/us.png]
[www.orionsafetystation.com/wp-content/uploads/2020/10/11.jpg]
[www.orionsafetystation.com/wp-content/themes/orionstation/images/banners/2.jpg]
[www.orionsafetystation.com/wp-content/themes/orionstation/images/certificade/impa.jpg]
[www.orionsafetystation.com/wp-content/themes/orionstation/images/certificade/abfn.jpg]
[www.orionsafetystation.com/wp-content/themes/orionstation/images/certificade/issa.jpg]
[www.orionsafetystation.com/wp-content/uploads/2021/01/deck.jpg]
[www.orionsafetystation.com/wp-content/uploads/2021/01/eletric.jpg]
[www.orionsafetystation.com/wp-content/uploads/2021/01/safety.jpg]
[www.orionsafetystation.com/wp-content/uploads/2021/01/supplies.jpg]
[www.orionsafetystation.com/wp-content/uploads/2021/01/gas.jpg]
[www.orionsafetystation.com/wp-content/uploads/2021/01/balsa.jpg]
[www.orionsafetystation.com/wp-content/uploads/2021/01/fire_fighter.jpg]
[www.orionsafetystation.com/wp-content/uploads/2021/01/gas_detection.jpg]
[www.orionsafetystation.com/wp-content/uploads/2021/01/ba.jpg]
[www.orionsafetystation.com/wp-content/themes/orionstation/images/logo/logo-small.png]
[www.orionsafetystation.com/wp-includes/js/dist/vendor/regenerator-runtime.min3937.js]
[www.orionsafetystation.com/wp-includes/js/dist/vendor/wp-polyfill.min2c7c.js]
[www.orionsafetystation.com/wp-content/plugins/contact-form-7/includes/js/index5697.js]
[www.orionsafetystation.com/wp-content/themes/orionstation/js/jquery-3.3.1.min8a54.js]
[www.orionsafetystation.com/wp-content/themes/orionstation/js/plugins8a54.js]
[www.orionsafetystation.com/wp-content/themes/orionstation/js/main8a54.js]
[www.orionsafetystation.com/wp-content/themes/orionstation/js/navigation8a54.js]
[www.orionsafetystation.com/wp-content/plugins/creame-whatsapp-me/public/js/joinchat.minface.js]
[www.orionsafetystation.com/wp-includes/js/thickbox/loadingAnimation.gif]
[www.orionsafetystation.com/pt/suprimentos-para-navios-e-aluguel/index.html]
[www.orionsafetystation.com/wp-includes/css/dist/block-library/style.min9b2d.css]
[www.orionsafetystation.com/wp-includes/css/classic-themes.min68b3.css]
[www.orionsafetystation.com/wp-content/plugins/contact-form-7/includes/css/styles5697.css]
[www.orionsafetystation.com/wp-content/themes/orionstation/images/lightbox/close.png]
[www.orionsafetystation.com/wp-content/themes/orionstation/images/lightbox/loading.gif]
[www.orionsafetystation.com/wp-content/themes/orionstation/images/lightbox/prev.png]
[www.orionsafetystation.com/wp-content/themes/orionstation/images/lightbox/next.png]
[www.orionsafetystation.com/wp-content/themes/orionstation/css/libraries8a54.css]
[www.orionsafetystation.com/wp-content/themes/orionstation/images/testimonials/quote-icon.png]
[www.orionsafetystation.com/wp-content/themes/orionstation/images/testimonials/quote-icon2.png]
[www.orionsafetystation.com/wp-content/themes/orionstation/images/testimonials/quote-icon3.png]
[www.orionsafetystation.com/wp-content/themes/orionstation/style8a54.css]
[www.orionsafetystation.com/wp-content/plugins/creame-whatsapp-me/public/css/joinchat.minface.css]
[connect.facebook.net/en_US/fbevents.js]
[snap.licdn.com/li.lms-analytics/insight.min.js]
[www.orionsafetystation.com/wp-content/themes/orionstation/css/owl.video.play.html]
[www.orionsafetystation.com/pt/suprimentos-para-navios-e-aluguel/POST.html]
[www.orionsafetystation.com/oribili.html]
